Parse error: imagepng(): gd-png error: no colors in palette
 in /home/ondrej/Projects/pkg-php/php-src/ext/gd/tests/bug45799.php on line 3