Warning: imagefilledarc() expects exactly 9 parameters, 8 given in /home/ondrej/Projects/pkg-php/php-src/ext/gd/tests/imagefilledarc_error1.php on line 8
40a085f6e7d9b5f3622d69da5549e64f