string(32) "d3c7021a1c1ac969061381fc86dc4e14"
int(842163455)